<html>
<body>
<pre>
<h1>µVision Build Log</h1>
<h2>Tool Versions:</h2>
IDE-Version: µVision V5.34.0.0
Copyright (C) 2021 ARM Ltd and ARM Germany GmbH. All rights reserved.
License Information: ccds ccds, ccds, LIC=----
 
Tool Versions:
Toolchain:       MDK-Lite  Version: 5.34.0.0
Toolchain Path:  C:\Keil_v5\ARM\ARMCC\Bin
C Compiler:      Armcc.exe V5.06 update 7 (build 960)
Assembler:       Armasm.exe V5.06 update 7 (build 960)
Linker/Locator:  ArmLink.exe V5.06 update 7 (build 960)
Library Manager: ArmAr.exe V5.06 update 7 (build 960)
Hex Converter:   FromElf.exe V5.06 update 7 (build 960)
CPU DLL:         SARMCM3.DLL V5.34.0.0
Dialog DLL:      DCM.DLL V1.17.3.0
Target DLL:      STLink\ST-LINKIII-KEIL_SWO.dll V3.0.8.0
Dialog DLL:      TCM.DLL V1.48.0.0
 
<h2>Project:</h2>
C:\Users\rohan023\Downloads\lab1emb.uvprojx
Project File Date:  01/29/2026

<h2>Output:</h2>
*** Using Compiler 'V5.06 update 7 (build 960)', folder: 'C:\Keil_v5\ARM\ARMCC\Bin'
Rebuild target 'testing'
assembling startup_stm32f40_41xxx.s...
compiling system_stm32f4xx.c...
compiling stm32f4xx_pwr.c...
compiling main.c...
compiling stm32f4xx_gpio.c...
compiling stm32f4xx_it.c...
compiling stm32f4xx_syscfg.c...
compiling stm32f4xx_usart.c...
compiling sys.c...
compiling misc.c...
compiling stm32f4xx_i2c.c...
compiling delay.c...
compiling stm32f4xx_rcc.c...
compiling stm32f4xx_tim.c...
compiling led.c...
compiling system.c...
compiling buzzer.c...
compiling list.c...
compiling show.c...
LibraryFiles\Hardware\show.c(58): warning:  #1-D: last line of file ends without a newline
  }
LibraryFiles\Hardware\show.c: 1 warning, 0 errors
compiling event_groups.c...
compiling port.c...
compiling heap_4.c...
compiling oled.c...
LibraryFiles\Hardware\oled.c(211): warning:  #1-D: last line of file ends without a newline
  }
LibraryFiles\Hardware\oled.c: 1 warning, 0 errors
compiling timers.c...
compiling queue.c...
compiling tasks.c...
linking...
Program Size: Code=7304 RO-data=424 RW-data=156 ZI-data=23980  
FromELF: creating hex file...
".\Objects\lab1emb.axf" - 0 Error(s), 2 Warning(s).

<h2>Software Packages used:</h2>

Package Vendor: Keil
                https://www.keil.com/pack/Keil.STM32F4xx_DFP.3.0.0.pack
                Keil.STM32F4xx_DFP.3.0.0
                STMicroelectronics STM32F4 Series Device Support

<h2>Collection of Component include folders:</h2>

<h2>Collection of Component Files used:</h2>
Build Time Elapsed:  00:00:02
</pre>
</body>
</html>
